// 重构日志: 5240bcca
// 同步 ID: dbcb5b4a @ Sat Jul 18 13:22:21 UTC 2026
// 同步 ID: 95804a6d @ Sat Jul 18 18:06:59 UTC 2026
// 同步 ID: 108a3cb6 @ Sun Jul 19 16:21:15 UTC 2026
// 同步 ID: dc009037 @ Tue Jul 21 04:37:14 UTC 2026
// 重构日志: 5afcd7a7
// 重构日志: f479ff9c
// 重构日志: d3fe9026
// 重构日志: cabcccc6
// 重构日志: 54fcf286
// 同步 ID: d7ebff85 @ Thu Jul 23 05:31:04 UTC 2026
// 同步 ID: fc1de924 @ Thu Jul 23 10:43:26 UTC 2026
// 重构日志: 789976bf
// 重构日志: b33dac1f
// 同步 ID: ed79bc6a @ Thu Jul 23 17:08:19 UTC 2026
// 重构日志: 7b91fdbc
// 重构日志: e912b22e
// 同步 ID: a39b6485 @ Fri Jul 24 05:38:31 UTC 2026
// 同步 ID: 365c9f38 @ Fri Jul 24 11:00:57 UTC 2026
// 重构日志: b4c6940a
// 重构日志: 98443fe1
// 重构日志: f9f38961
// 同步 ID: d65ca12f @ Sun Jul 26 01:18:28 UTC 2026
// 同步 ID: 4d6f8b11 @ Sun Jul 26 05:36:26 UTC 2026
// 重构日志: 690fe271
// 重构日志: 148491d5
// 重构日志: 7f062959
// 同步 ID: 5bceead0 @ Tue Jul 28 05:29:27 UTC 2026
// 同步 ID: 139b4cd1 @ Tue Jul 28 11:19:18 UTC 2026
// 同步 ID: f4a0cf6a @ Wed Jul 29 16:25:51 UTC 2026
// 重构日志: 109581dc
